TTTT TTTT TTTT TTTT TTTT TTTT TTTT TTTT TTTT TTTT TTTT TTTT TTTT TTTT TTTT TTTT
TTTT TTTT TTTT TTTT TTTT TTTT TTTT TTTT TTTT TTTT TTTT TTTT TTTT TTTT TTTT TTTT
TTTT TTTT TTTT TTTT TTTT TTTT TTTT TTTT TTTT TTTT TTTT TTTT TTTT TTTT TTTT TTTT
TTTT TTTT TTTT TTTT TTTT TTTT TTTT TTTT TTTT TTTT TTTT TTTT TTTT TTTT TTTT TTTT
TTTT TTTT TTTT TTTT TTTT TTTT TTTT TTTT TTTT TTTT TTTT TTTT TTTT TTTT TTTT TTTT
TTTT TTTT TTTT TTTT TTTT TTTT TTTT TTTT TTTT TTTT TTTT TTTT TTTT TTTT TTTT TTTT
TTTT TTTT TTTT TTTT RRRR RRRR RRRR RRRR RRRR RRRR RRRR TTTT TTTT TTTT TTTT
TTTT TTTT TTTT TTTT RRRR RRRR RRRR RRRR RRRR RRRR RRRR TTTT TTTT TTTT TTTT
TTTT TTTT TTTT TTTT RRRR RRRR HHHH HHHH HHHH RRRR RRRR TTTT TTTT TTTT TTTT
TTTT TTTT TTTT TTTT RRRR RRRR HHHH HHHH HHHH RRRR RRRR TTTT TTTT TTTT TTTT
TTTT TTTT TTTT TTTT RRRR RRRR HHHH HHHH HHHH RRRR RRRR TTTT TTTT TTTT TTTT
TTTT TTTT TTTT TTTT RRRR RRRR RRRR RRRR RRRR RRRR RRRR TTTT TTTT TTTT TTTT
TTTT TTTT TTTT TTTT RRRR RRRR RRRR RRRR RRRR RRRR RRRR TTTT TTTT TTTT TTTT
TTTT TTTT TTTT TTTT TTTT TTTT TTTT TTTT TTTT TTTT TTTT TTTT TTTT TTTT TTTT TTTT
TTTT TTTT TTTT TTTT TTTT TTTT TTTT TTTT TTTT TTTT TTTT TTTT TTTT TTTT TTTT TTTT
TTTT TTTT TTTT TTTT TTTT TTTT TTTT TTTT TTTT TTTT TTTT TTTT TTTT TTTT TTTT TTTT TTTT TTTT TTTT TTTT TTTT TTTT TTTT TTTT TTTT TTTT TTTT