#20x20
TTTT TTTT TTTT TTTT TTTT TTTT TTTT TTTT TTTT TTTT TTTT TTTT TTTT TTTT TTTT TTTT TTTT TTTT TTTT TTTT
TTTT TTTT TTTT TTTT TTTT TTTT TTTT TTTT RRRR RRRR RRRR RRRR TTTT TTTT TTTT TTTT TTTT TTTT TTTT TTTT
TTTT TTTT TTWW WWWW WWTT TTTT TTTT TTTT RRRR HHHH HHHH RRRR TTTT TTTT TTTT TTTT TTTT TTTT TTTT TTTT
TTTT TTTT WWWW WWWW WWWW TTTT TTTT TTTT RRRR HHHH HHHH RRRR TTTT TTTT TTTT TTTT TTTT TTTT TTTT TTTT
TTTT TTTT WWWW TTTT WWWW TTTT TTTT TTTT RRRR RRRR RRRR RRRR TTTT TTTT TTTT TTTT TTTT TTTT TTTT TTTT
TTTT TTTT WWWW WWWW WWWW TTTT TTTT TTTT TTTT TTTT TTTT TTTT TTTT TTTT TTTT WWTT TTTT TTTT TTTT TTTT
TTTT TTTT TTWW WWWW WWTT TTTT TTTT TTTT TTTT TTTT TTTT TTTT TTTT TTTT TTWW WWWW WWTT TTTT TTTT TTTT
TTTT TTTT TTTT TTTT TTTT TTTT TTTT TTTT TTTT TTTT TTTT TTTT TTTT TTWW WWWW WWWW WWWW WWTT TTTT TTTT
RRRR RRRR RRRR RRRR RRRR RRRR RRRR RRRR RRRR RRRR RRRR RRRR RRRR RRRR RRRR RRRR RRRR RRRR RRRR RRRR
RRRR RRRR HHHH HHHH RRRR TTTT TTTT TTTT TTTT WWWW WWWW TTTT TTTT TTTT RRRR HHHH HHHH RRRR RRRR RRRR
RRRR RRRR HHHH HHHH RRRR TTTT TTTT TTTT WWWW WWWW WWWW WWWW TTTT TTTT RRRR HHHH HHHH RRRR RRRR RRRR
RRRR RRRR RRRR RRRR RRRR TTTT TTTT TTTT WWWW WWWW WWWW WWWW TTTT TTTT RRRR RRRR RRRR RRRR RRRR RRRR
TTTT TTTT TTTT TTTT TTTT TTTT TTTT TTTT TTTT WWWW WWWW TTTT TTTT TTTT TTTT TTTT TTTT TTTT TTTT TTTT
TTTT TTTT TTTT TTTT TTTT TTTT HHHH HHHH RRRR RRRR RRRR RRRR HHHH HHHH TTTT TTTT TTTT TTTT TTTT TTTT
TTTT TTTT TTTT TTTT TTTT TTTT HHHH HHHH RRRR TTTT TTTT RRRR HHHH HHHH TTTT TTTT TTTT TTTT TTTT TTTT
TTTT TTTT TTTT TTTT TTTT TTTT RRRR RRRR RRRR TTTT TTTT RRRR RRRR RRRR TTTT TTTT TTTT TTTT TTTT TTTT
TTTT TTTT TTTT WWTT TTTT TTTT RRRR TTTT TTTT TTTT TTTT TTTT TTTT RRRR TTTT TTTT TTTT TTTT TTTT TTTT
TTTT TTTT TTWW WWWW WWTT TTTT RRRR TTTT TTTT TTTT TTTT TTTT TTTT RRRR TTTT TTTT TTTT TTTT TTTT TTTT
TTTT TTWW WWWW WWWW WWWW WWTT RRRR TTTT TTTT TTTT TTTT TTTT TTTT RRRR TTTT TTTT TTTT TTTT TTTT TTTT
TTTT TTTT TTWW WWWW WWTT TTTT RRRR TTTT TTTT TTTT TTTT TTTT TTTT RRRR TTTT TTTT TTTT TTTT TTTT TTTT
