#16x16
TTTT TTTT TTTT TTTT TTTT TTTT TTTT TTTT TTTT TTTT TTTT TTTT TTTT TTTT TTTT TTTT
TTTT TTTT TTTT TTTT TTTT TTTT TTTT TTTT TTTT TTTT TTTT TTTT TTTT TTTT TTTT TTTT
TTTT TTTT TTTT TTTT TTTT TTTT TTTT TTTT TTTT TTTT TTTT TTTT TTTT TTTT TTTT TTTT
TTTT TTTT TTTT TTTT TTTT TTTT TTTT TTTT TTTT TTTT TTTT TTTT TTTT TTTT TTTT TTTT
TTTT TTTT TTTT TTTT TTTT TTTT TTTT TTTT TTTT TTTT TTTT TTTT TTTT TTTT TTTT TTTT
TTTT TTTT TTTT TTTT TTTT TTTT TTTT TTTT TTTT TTTT TTTT TTTT TTTT TTTT TTTT TTTT
TTTT TTTT TTTT TTTT TTTT TTTT TTTT TTTT TTTT TTTT TTTT TTTT TTTT TTTT TTTT TTTT
TTTT TTTT TTTT TTTT RRRR HHHH HHHH HHHH HHHH HHHH RRRR TTTT TTTT TTTT TTTT TTTT
TTTT TTTT TTTT TTTT RRRR HHHH HHHH HHHH HHHH HHHH RRRR TTTT TTTT TTTT TTTT TTTT
TTTT TTTT TTTT TTTT RRRR HHHH HHHH HHHH HHHH HHHH RRRR TTTT TTTT TTTT TTTT TTTT
TTTT TTTT TTTT TTTT RRRR HHHH HHHH HHHH HHHH HHHH RRRR TTTT TTTT TTTT TTTT TTTT
TTTT TTTT TTTT TTTT RRRR RRRR RRRR RRRR RRRR RRRR RRRR TTTT TTTT TTTT TTTT TTTT
TTTT TTTT TTTT TTTT RRRR RRRR RRRR RRRR RRRR RRRR RRRR TTTT TTTT TTTT TTTT TTTT
TTTT TTTT TTTT TTTT TTTT TTTT TTTT TTTT TTTT TTTT TTTT TTTT TTTT TTTT TTTT TTTT
TTTT TTTT TTTT TTTT TTTT TTTT TTTT TTTT TTTT TTTT TTTT TTTT TTTT TTTT TTTT TTTT
TTTT TTTT TTTT TTTT TTTT TTTT TTTT TTTT TTTT TTTT TTTT TTTT TTTT TTTT TTTT TTTT